// Jest Snapshot v1, https://goo.gl/fbAQLP

exports[`Card renders the correct message 1`] = `undefined`;
