// Jest Snapshot v1, https://goo.gl/fbAQLP

exports[`Button renders the correct message 1`] = `undefined`;
